// Jest Snapshot v1, https://goo.gl/fbAQLP

exports[`Cryflow renders correctly 1`] = `
<div
  class="cryflow"
/>
`;
